[  0000000] Intiizng cgroup sbs cust
[   0.000] Initilizin crop ubsys cpu
[   0.0000] niiazing cgrupubys cpuacct
[   000000] Liuxersion4..0-14generic (buiddlg01amd64-41 (gccersion 54. 201606 (Ubuntu5..06ubunu1~16.04.10) ) #169-Ubnt SMP Thu Feb 7 07:56:38 UTC 2019 (Ubuntu 4.4.0-143.169-generic 4.4.170)
[    0.000000] Command line: BOOT_IMAG=/boot/vmlinuz-4.4.0-143-generic root=LABEL=cloudimg-rootfs ro console=tty1 console=ttyS0
[    0.000000] KERNEL supported cpus:
[    0.000000]   Intel GenuineIntel
[    0.000000]   AMD AuthenticAMD
[    0.000000]   Centaur CentaurHauls
[    0.000000] x86/fpu: xstate_offset[2]:  576, xstate_sizes[2]:  256
[    0.000000] x86/fpu: Supporting XSAVE feature 0x01: 'x87 floating point registers'
[    0.000000] x86/fpu: Supporting XSAVE feature 0x02: 'SSE registers'
[    0.000000] x86/fpu: Supporting XSAVE feature 0x04: 'AVX registers'
[    0.000000] x86/fpu: Enabled xstate features 0x7, context size is 832 bytes, using 'standard' format.
[    0.000000] e820: BIOS-provided physical RAM map:
[    0.000000] BIOS-e820: [mem 0x0000000000000000-0x000000000009fbff] usable
[    0.000000] BIOS-e820: [mem 0x000000000009fc00-0x000000000009ffff] reserved
[    0.0000] BIOS-e820: [mem 0x00000000000f0000-0x00000000000fffff] reserved
[    0.000000] BIOS-e820: [mem 0x0000000000100000-0x000000003ffeffff] usable
[    0.000000] BIOS-e820: [mem 0x000000003fff0000-0x000000003fffffff] ACPI data
[    0.000000] BIOS-e820: [mem 0x00000000fec00000-0x00000000fec00fff] reserved
[    0.000000] BIOS-e820: [mem 0x00000000fee00000-0x00000000fee00fff] reserved
[    0.000000] BIOS-e820: [mem 0x00000000fffc0000-0x00000000ffffffff] reserved
[    0.000000] NX (Execute Disable) protection:acive[   .000000]SMOS2. present.
[  .00000] Hypervso detete: KVM
[  000000] e82: last_pn  0x3ff0 x_rc_pfn =0x000000
[    0.00000] TR Disabed[    0.000000x8/PT: MTRRsdibl, skipping PA inializatonto.
[   0.0000 CPU MTRs llblnk - viruaizd system.
    0.000000] x86/PAT: Configuration [0-7]: WB  WT  UC- UC  WB  WT  UC- C  
[    0.000000] found SMP MP-table at [mem 0x0009fff0-0x0009ffff] mapped at [ffff88000009fff0]
[    0.000000] Scanning 1 areas for low memory corruption
[    0.000000] RAMDISK: [mem 0x36300000-0x37177fff]
[    0.000000] ACPI: Early table checksum verification disabled
[    0.000000] ACPI: RSDP 0x00000000000E0000 000024 (v02 VBOX  )
[    0.000000] ACPI: XSDT 0x000000003FFF0030 00003C (v01 VBOX   VBOXXSDT 00000001 ASL  00000061)
[    0.000000] ACPI: FACP 0x000000003FFF00F0 0000F4 (v04 VBOX   VBOXFACP 00000001 ASL  00000061)
[    0.000000] ACPI: DSDT 0x000000003FFF0470 0021FF (v02 VBOX   VBOXBIOS 00000002 INTL 20100528)
[    0.000000] ACPI: FACS 0x000000003FFF0200 000040
[    0.000000] ACPI: FACS 0x000000003FFF0200 000040
[    0.000000] ACPI: APIC 0x000000003FFF0240 00005C (v02 VBOX   VBOXAPIC 00000001 ASL  00000061)
[    0.000000] ACPI: SSDT 0x0000000033FFF02A0 0001CC (v01 VBOX   VBOXCPUT 00000002 INTL 20100528)
[    0.000000] No NUMA configuration found
[    0.000000] Faking a node at [mem 0x0000000000000000-0x000000003ffeffff]
[    0.000000] NODE_DATA(0) llocated [mem 0x3ffeb000-0x3ffeffff]
[    0.000000] kvm-clock: Using msrs 4b564d01 and 45600
[   0.0000 kvm-clok:cp 0 msr 03f301,primrycpu clk
[   .00000] vm-clock usig chd ofse o 36562768 cyces
[   .00000] loksurce: kv-coc: ask: 0xffffffffffff max_yces0x1cd42edf, axidle_ns:881559483 ns
[   0.0000]Zone ranes
[    .00000  DM    [mem0x000000000001000-0x000000000fffff]
[    00000]   DMA32    [mem 0x0000000001000000-0x000000003ffeffff]
[    0.000000]   Normal   empty
[    0.000000]   Device   empty
[    0.000000] Movable zone start for each node
[    0.000000] Early memory node ranges
[    0.000000]   node   0: [mem 0x0000000000001000-0x000000000009efff]
[    0.000000]   node   0: [mem 0x0000000000100000-0x000000003ffeffff]
[    0.000000] Initmem setup node 0 [mem 0x0000000000001000-0x000000003ffeffff]
[    0.000000] ACPI: PM-Timer IO Port: 0x4008
[    0.000000] IOAPIC[0]: apic_id 2, version 32, address 0xfec00000, GSI 0-23
[    0.000000] ACPI: INT_SRC_OVR (bus 0 bus_irq 0 global_irq 2 dfl dfl)
[    0.000000] ACPI: INT_SRC_OVR (bus 0 bus_irq 9 global_irq 9 low level)
[    0.000000] Using ACPI (MADT) for SMP configuration information
[    0.000000] smpboot: Allowing 2 CPUs, 0 hotplug CPUs
[    0.000000] PM: Registered nosave memory: [mem 0x00000000-0x00000fff]
[    0.000000] PM: Registered nosave memory: [mem 0x0009f000-0x0009ffff]
[    0.000000] PM: Registered nosave memory: [mem 0x000a0000-0x000effff]
[    0.000000] PM: Registered nosave memory: [mem 0x000f0000-0x000fffff]
[    0.000000] e820: [mem 0x40000000-0xfebfffff] available for PCI devices
[    0.000000] Booting paravirtualized kernel on KVM
[    0.000000] clocksource: refined-jiffies: mask: 0xffffffff max_cycles: 0xffffffff, max_idle_ns: 7645519600211568 ns
[    0.000000] setup_percpu: NR_CPUS:512 nr_cpumask_bits:512 nr_cpu_ids:2 nr_node_ids:1
[    0.000000] PERCPU: Embedded 34 pages/cpu @ffff88003fc00000 s99480 r8192 d31592 u1048576
[    0.000000] Built 1 zonelists in Node order, mobility grouping on.  Total pages: 257912
[    0.000000] Policy zone: DMA32
[    0.000000] Kernel command line: BOOT_IMAGE=/boot/vmlinuz-4.4.0-143-generic root=LABEL=cloudimg-rootfs ro console=tty1 console=ttyS0
[    0.000000] PID hash table entries: 4096 (order: 3, 32768 bytes)
[    0.000000] Memory: 997716K/1048120K available (8608K kernel code, 1332K rwdata, 4008K rodata, 1484K init, 1316K bss, 50404K reserved, 0K cma-reserved)
[    0.000000] SLUB: HWalign=64, Order=0-3, MinObjects=0, CPUs=2, Nodes=1
[    .00000] KeelUser page tabs olatio: nale
[    0.00000] iearhical RCU iplementtin.
[   .0000]	Buildtie adusen of lef anutto 64.
[  0.000000] 	RU restriti CPUs ro N_CUS512 to nr_cu_s=.
[  000000] RU:djstng geoety orrcu_faoulef=64, nrcp_is=
    0.0000 N_IRQS:3324 nrirs:440 16
[    0.000000] Console: colour VGA+ 80x25
[    0.00000] console [tty1]  enabled
[    0.000000] console [ttyS0] enabled
[    0.000000] tsc: Detecte 2807.998 MHz processor
[    4.233418] Calibrating delay loop (skipped) preset value.. 5615.99 BogoMIPS (lpj=11231992)
[    4.236564] pid_max: default: 32768 minimum: 301
[    4.238056] ACPI: Core revision 20150930
[    4.240183] ACPI: 2 ACPI AML tables successfully acquired and loaded
[    4.242471] Security Framework initialized
[    4.244201] Yama:beoming mindful.
[    4.285082] AppArmor: AppArmor initialized
[    4.353939] Dentry cache hash table entries: 131072 (order: 8, 1048576 bytes)
[    4.469662] Inode-cache hash table entries: 65536 (order: 7, 524288 bytes)
[    4.593398] Mount-cache hash table entries: 2048 (order: 2, 16384 bytes)
[    4.705350] Mountpoint-cache hash table entries: 2048 (order: 2, 16384 bytes)
[    4.827544] Initializing cgroup subsys io
[    4.880838] Initializing cgroup subsys memory
[    4.961509] Initializing cgroup subsys devices
[    5.045332] Initializing cgroup subsys freezer
[    5.133022] Initializing cgroup subsys net_cls
[    5.225717] Initializing cgroup subsys perf_event
[    5.287872] Initializing cgroup subsys net_prio
[    5.305137] Initializing cgroup subsys hugetlb
[    5.306599] Initializing cgroup subsys pids
[    5.309012] mce: CPU supports 0 MCE banks
[    5.313279] Last level iTLB entries: 4KB 64, 2MB 8, 4MB 8
[    5.317806] Last level dTLB entries: 4KB 64, 2MB 0, 4MB 0, 1GB 4
[    5.319765] Spectre V2 : Mitigation: Full generic retpoline
[    5.321493] Spectre V2 : Spectre v2 / SpectreRSB mitigation: Filling RSB on context switch
[    5.324145] Speculative Store Bypass: Vulnerable
[    5.327941] Freeing SMP alternatives memory: 32K
[    5.338613] ftrace: allocating 32278 entries in 127 pages
[    5.387856] smpboot: APIC(0) Converting physical 0 to logical package 0
[    5.489291] smpboot: Max logical packages: 1
[    5.565526] x2apic enabled
[    5.613888] Switched APIC routing to physical x2apic.
[    5.682532] ..TIMER: vector=0x30 apic1=0 pin1=2 apic2=-1 pin2=-1
[    5.885802] smpboot: CPU0: Intel(R) Core(TM) i7-7700HQ CPU @ 2.80GHz (family: 0x6, model: 0x9e, stepping: 0x9)
[    6.022436] Performance Events: unsupported p6 CPU model 158 no PMU driver, software events only.
[    6.167164] KVM setup paravirtual spinlock
[    6.227370] x86: Booting SMP configuration:
[    6.299404] .... node  #0, CPUs:      #1
[    6.351953] kvm-clock: cpu 1, msr 0:3ffe3041, secondary cpu clock
[    6.375575] mce: CPU supports 0 MCE banks
[    6.381426] x86: Booted up 1 node, 2 CPUs
[    6.396252] smpboot: Total of 2 processors activated (11231.99 BogoMIPS)
[    6.399052] devtmpfs: initialized
[    6.401438] evm: security.selinux
[    6.402895] evm: security.SMACK64
[    6.404120] evm: security.SMACK64EXEC
[    6.405359] evm: security.SMACK64TRANSMUTE
[    6.407007] evm: security.SMACK64MMAP
[    6.408213] evm: security.ima
[    6.409408] evm: security.capability
[    6.411071] clocksource: jiffies: mask: 0xffffffff max_cycles: 0xffffffff, max_idle_ns: 7645041785100000 ns
[    6.414264] futex hash table entries: 512 (order: 3, 32768 bytes)
[    6.416470] pinctrl core: initialized pinctrl subsystem
[    6.418239] RTC time: 20:58:26, date: 03/21/19
[    6.419940] NET: Registered protocol family 16
[    6.430419] cpuidle: using governor ladder
[    6.442635] cpuidle: using governor menu
[    6.443799] PCCT header not found.
[    6.444868] ACPI: bus type PCI registered
[    6.446262] acpiphp: ACPI Hot Plug PCI Controller Driver version: 0.5
[    6.448100] PCI: Using configuration type 1 for base access
[    6.465609] ACPI: Added _OSI(Module Device)
[    6.517599] ACPI: Added _OSI(Processor Device)
[    6.564268] ACPI: Added _OSI(3.0 _SCP Extensions)
[    6.619304] ACPI: Added _OSI(Processor Aggregator Device)
[    6.692351] ACPI: Executed 1 blocks of module-level executable AML code
[    6.763020] ACPI: Interpreter enabled
[    6.807316] ACPI: (supports S0 S5)
[    6.840689] ACPI: Using IOAPIC for interrupt routing
[    6.878222] PCI: Using host bridge windows from ACPI; if necessary, use "pci=nocrs" and report a bug
[    7.028024] ACPI: PCI Root Bridge [PCI0] (domain 0000 [bus 00-ff])
[    7.150565] acpi PNP0A03:00: _OSC: OS supports [ASPM ClockPM Segments MSI]
[    7.273356] acpi PNP0A03:00: _OSC: not requesting OS control; OS requires [ExtendedConfig ASPM ClockPM MSI]
[    7.416471] acpi PNP0A03:00: fail to add MMCONFIG information, can't access extended PCI configuration space under this bridge.
[    7.495337] PCI host bridge to bus 0000:00
[    7.498213] pci_bus 0000:00: root bus resource [io  0x0000-0x0cf7 window]
[    7.500384] pci_bus 0000:00: root bus resource [io  0x0d00-0xffff window]
[    7.502624] pci_bus 0000:00: root bus resource [mem 0x000a0000-0x000bffff window]
[    7.505203] pci_bus 0000:00: root bus resource [mem 0x40000000-0xfdffffff window]
[    7.507773] pci_bus 0000:00: root bus resource [bus 00-ff]
[    7.513383] pci 0000:00:01.1: legacy IDE quirk: reg 0x10: [io  0x01f0-0x01f7]
[    7.515969] pci 0000:00:01.1: legacy IDE quirk: reg 0x14: [io  0x03f6]
[    7.518053] pci 0000:00:01.1: legacy IDE quirk: reg 0x18: [io  0x0170-0x0177]
[    7.520322] pci 0000:00:01.1: legacy IDE quirk: reg 0x1c: [io  0x0376]
[    7.541308] pci 0000:00:07.0: quirk: [io  0x4000-0x403f] claimed by PIIX4 ACPI
[    7.654629] pci 0000:00:07.0: quirk: [io  0x4100-0x410f] claimed by PIIX4 SMB
[    7.800813] ACPI: PCI Interrupt Link [LNKA] (IRQs 5 9 10 *11)
[    7.868479] ACPI: PCI Interrupt Link [LNKB] (IRQs 5 9 *10 11)
[    7.938657] ACPI: PCI Interrupt Link [LNKC] (IRQs 5 *9 10 11)
[    7.991935] ACPI: PCI Interrupt Link [LNKD] (IRQs 5 9 10 *11)
[    8.065685] ACPI: Enabled 2 GPEs in block 00 to 07
[    8.147274] vgaarb: setting as boot device: PCI:0000:00:02.0
[    8.230788] vgaarb: device added: PCI:0000:00:02.0,decodes=io+mem,owns=io+mem,locks=none
[    8.334909] vgaarb: loaded
[    8.367120] vgaarb: bridge control possible 0000:00:02.0
[    8.423226] SCSI subsystem initialized
[    8.463575] ACPI: bus type USB registered
[    8.516118] usbcore: registered new interface driver usbfs
[    8.571709] usbcore: registered new interface driver hub
[    8.590568] usbcore: registered new device driver usb
[    8.594236] PCI: Using ACPI for IRQ routing
[    8.596074] NetLabel: Initializing
[    8.597161] NetLabel:  domain hash size = 128
[    8.598547] NetLabel:  protocols = UNLABELED CIPSOv4
[    8.600212] NetLabel:  unlabeled traffic allowed by default
[    8.602393] amd_nb: Cannot enumerate AMD northbridges
[    8.604094] clocksource: Switched to clocksource kvm-clock
[    8.613121] AppArmor: AppArmor Filesystem Enabled
[    8.614818] pnp: PnP ACPI init
[    8.617398] pnp: PnP ACPI: found 3 devices
[    8.631655] clocksource: acpi_pm: mask: 0xffffff max_cycles: 0xffffff, max_idle_ns: 2085701024 ns
[    8.635326] NET: Registered protocol family 2
[    8.636799] TCP established hash table entries: 8192 (order: 4, 65536 bytes)
[    8.638694] TCP bind hash table entries: 8192 (order: 5, 131072 bytes)
[    8.640437] TCP: Hash tablesonguedesabised812 in 892
   8.9759]UD has tbl etries 52 orer: 2, 6384 ytes)
   93395] DPLie shtale enris:512 (rder: 2, 164 bytes)
[    9.726337] NET: Registered protocol family 1
[    9.728089] pci 0000:00:00.0: Limiting direct PCI/PCI transfers
[    9.729777] pci 0000:00:01.0: Activating ISA DMA hang workarounds
[    9.731626] Unpacking initramfs...

[    9.915840] Freeing initrd memory: 14816K
[    9.971010] platform rtc_cmos: registered platform RTC device (no PNP device found)
[   10.121315] Scanning for low memory corruption every 60 seconds
[   10.228441] audit: initializing netlink subsys (disabled)
[   10.327566] audit: type=2000 audit(1553201906.616:1): initialized
[   10.428846] Initialise system trusted keyring
[   10.520233] HugeTLB registered 2 MB page size, pre-allocated 0 pages
[   10.668477] zbud: loaded
[   10.721135] VFS: Disk quotas dquot_6.6.0
[   10.767802] VFS: Dquot-cache hash table entries: 512 (order 0, 4096 bytes)
[   10.786814] squashfs: version 4.0 (2009/01/31) Phillip Lougher
[   10.789281] fuse init (API version 7.23)
[   10.793403] Key type big_key registered
[   10.794985] Allocating IMA MOK and blacklist keyrings.
[   10.798976] Key type asymmetric registered
[   10.800356] Asymmetric key parser 'x509' registered
[   10.802309] Block layer SCSI generic (bsg) driver version 0.4 loaded (major 249)
[   10.805054] io scheduler noop registered
[   10.806504] io scheduler deadline registered (default)
[   10.808392] io scheduler cfq registered
[   10.809882] pci_hotplug: PCI Hot Plug PCI Core version: 0.5
[   10.811730] pciehp: PCI Express Hot Plug Controller Driver version: 0.4
[   10.814347] ACPI: AC Adapter [AC] (off-line)
[   10.815833] input: Power Button as /devices/LNXSYSTM:00/LNXPWRBN:00/input/input0
[   10.818509] ACPI: Power Button [PWRF]
[   10.819870] input: Sleep Button as /devices/LNXSYSTM:00/LNXSLPBN:00/input/input1
[   10.822509] ACPI: Sleep Button [SLPF]
[   10.825880] ACPI: Battery Slot [BAT0] (battery present)
[   10.827805] GHES: HEST is not enabled!
[   10.829413] Serial: 8250/16550 driver, 32 ports, IRQ sharing enabled
[   10.855784] 00:02: ttyS0 at I/O 0x3f8 (irq = 4, base_baud = 115200) is a 16550A
[   11.038222] tsc: Refined TSC clocksource calibration: 2807.999 MHz
[   11.140917] clocksource: tsc: mask: 0xffffffffffffffff max_cycles: 0x2879c523a63, max_idle_ns: 440795252908 ns
[   11.309030] Linux agpgart interface v0.103
[   11.380242] loop: module loaded
[   11.468131] scsi host0: ata_piix
[   11.561742] scsi host1: ata_piix
[   11.617459] ata1: PATA max UDMA/33 cmd 0x1f0 ctl 0x3f6 bmdma 0xd000 irq 14
[   11.751193] ata2: PATA max UDMA/33 cmd 0x170 ctl 0x376 bmdma 0xd008 irq 15
[   11.889618] libphy: Fixed MDIO Bus: probed
[   11.891915] tun: Universal TUN/TAP device driver, 1.6
[   11.893587] tun: (C) 1999-2004 Max Krasnyansky <maxk@qualcomm.com>
[   11.895638] PPP generic driver version 2.4.2
[   11.897250] ehci_hcd: USB 2.0 'Enhanced' Host Controller (EHCI) Driver
[   11.899513] ehci-pci: EHCI PCI platform driver
[   11.900966] ehci-platform: EHCI generic platform driver
[   11.902764] ohci_hcd: USB 1.1 'Open' Host Controller (OHCI) Driver
[   11.904813] ohci-pci: OHCI PCI platform driver
[   11.906440] ohci-platform: OHCI generic platform driver
[   11.908103] uhci_hcd: USB Universal Host Controller Interface driver
[   11.910046] i8042: PNP: PS/2 Controller [PNP0303:PS2K,PNP0f03:PS2M] at 0x60,0x64 irq 1,12
[   11.913223] serio: i8042 KBD port at 0x60,0x64 irq 1
[   11.914731] serio: i8042 AUX port at 0x60,0x64 irq 12
[   11.916777] mousedev: PS/2 mouse device common for all mice
[   11.919073] rtc_cmos rtc_cmos: rtc core: registered rtc_cmos as rtc0
[   11.921116] input: AT Translated Set 2 keyboard as /devices/platform/i8042/serio0/input/input2
[   11.924371] rtc_cmos rtc_cmos: alarms up to one day, 114 bytes nvram
[   11.926976] i2c /dev entries driver
[   11.928438] device-mapper: uevent: version 1.0.3
[   11.930257] device-mapper: ioctl: 4.34.0-ioctl (2015-10-28) initialised: dm-devel@redhat.com
[   11.933616] ledtrig-cpu: registered to indicate activity on CPUs
[   11.939370] NET: Registered protocol family 10
[   11.949730] NET: Registered protocol family 17
[   11.985492] Key type dns_resolver registered
[   11.991974] registered taskstats version 1
[   12.001706] Loading compiled-in X.509 certificates
[   12.010782] Loaded X.509 cert 'Build time autogenerated kernel key: d03773f65dd2b75b701d4dd50cb1e8d0c07b3b6e'
[   12.016355] zswap: loaded using pool lzo/zbud
[   12.020300] Key type trusted registered
[   12.025232] Key type encrypted registered
[   12.026527] AppArmor: AppArmor sha1 policy hashing enabled
[   12.028443] ima: No TPM chip found, activating TPM-bypass!
[   12.030330] ima: Allocated hash algorithm: sha1
[   12.031840] evm: HMAC attrs: 0x1
[   12.033512]   Magic number: 11:125:1004
[   12.037854] input input1: hash matches
[   12.039276] rtc_cmos rtc_cmos: setting system clock to 2019-03-21 20:58:31 UTC (1553201911)
[   12.043625] BIOS EDD facility v0.16 2004-Jun-25, 0 devices found
[   12.045973] EDD information not available.
[   12.049361] Freeing unused kernel memory: 1484K
[   12.060757] Write protecting the kernel read-only data: 14336k
[   12.082642] Freeing unused kernel memory: 1620K
[   12.112522] Freeing unused kernel memory: 88K
Loading, please wait...
starting version 229
[   12.128571] random: systemd-udevd: uninitialized urandom read (16 bytes read, 3 bits of entropy available)
[   12.129198] random: udevadm: uninitialized urandom read (16 bytes read, 3 bits of entropy available)
[   12.129215] random: udevadm: uninitialized urandom read (16 bytes read, 3 bits of entropy available)
[   12.136766] random: udevadm: uninitialized urandom read (16 bytes read, 3 bits of entropy available)
[   12.136802] random: udevadm: uninitialized urandom read (16 bytes read, 3 bits of entropy available)
[   12.136907] random: udevadm: uninitialized urandom read (16 bytes read, 3 bits of entropy available)
[   12.136957] random: udevadm: uninitialized urandom read (16 bytes read, 3 bits of entropy available)
[   12.137013] random: udevadm: uninitialized urandom read (16 bytes read, 3 bits of entropy available)
[   12.137051] random: udevadm: uninitialized urandom read (16 bytes read, 3 bits of entropy available)
[   12.137119] random: udevadm: uninitialized urandom read (16 bytes read, 3 bits of entropy available)
[   12.638932] e1000: Intel(R) PRO/1000 Network Driver - version 7.3.21-k8-NAPI
[   12.684334] e1000: Copyright (c) 1999-2006 Intel Corporation.
[   12.712140] Fusion MPT base driver 3.04.20
[   12.760040] Copyright (c) 1999-2008 LSI Corporation
[   12.826800] Fusion MPT SPI Host driver 3.04.20
[   12.883881] AVX2 version of gcm_enc/dec engaged.
[   12.903285] mptbase: ioc0: Initiating bringup
[   12.964444] AES CTR mode by8 optimization enabled
[   13.288641] input: ImExPS/2 Generic Explorer Mouse as /devices/platform/i8042/serio1/input/input4
[   13.874007] ioc0: LSI53C1030 A0: Capabilities={Initiator}
[   14.135629] scsi host2: ioc0: LSI53C1030 A0, FwRev=00000000h, Ports=1, MaxQ=256, IRQ=20
[   14.249051] scsi 2:0:0:0: Direct-Access     VBOX     HARDDISK         1.0  PQ: 0 ANSI: 5
[   14.333759] scsi target2:0:0: Beginning Domain Validation
[   14.388042] scsi target2:0:0: Domain Validation skipping write tests
[   14.438313] scsi target2:0:0: Ending Domain Validation
[   14.481241] scsi target2:0:0: asynchronous
[   14.515472] scsi 2:0:1:0: Direct-Access     VBOX     HARDDISK         1.0  PQ: 0 ANSI: 5
[   14.572997] scsi target2:0:1: Beginning Domain Validation
[   14.606943] scsi target2:0:1: Domain Validation skipping write tests
[   14.608807] scsi target2:0:1: Ending Domain Validation
[   14.610417] scsi target2:0:1: asynchronous
[   14.662837] e1000 0000:00:03.0 eth0: (PCI:33MHz:32-bit) 02:0a:56:fb:b9:09
[   14.662841] e1000 0000:00:03.0 eth0: Intel(R) PRO/1000 Network Connection
[   14.749430] e1000 0000:00:03.0 enp0s3: renamed from eth0
[   14.896445] sd 2:0:0:0: Attached scsi generic sg0 type 0
[   14.905898] sd 2:0:0:0: [sda] 20971520 512-byte logical blocks: (10.7 GB/10.0 GiB)
[   14.906353] sd 2:0:1:0: [sdb] 20480 512-byte logical blocks: (10.5 MB/10.0 MiB)
[   14.907023] sd 2:0:1:0: [sdb] Write Protect is off
[   14.907468] sd 2:0:1:0: [sdb] Incomplete mode parameter data
[   14.907469] sd 2:0:1:0: [sdb] Assuming drive cache: write through
[   15.001276] sd 2:0:1:0: Attached scsi generic sg1 type 0
[   15.003494] sd 2:0:1:0: [sdb] Attached SCSI disk
[   15.188450] sd 2:0:0:0: [sda] Write Protect is off
[   15.190356] sd 2:0:0:0: [sda] Incomplete mode parameter data
[   15.192116] sd 2:0:0:0: [sda] Assuming drive cache: write through
[   15.201083]  sda: sda1
[   15.203171] sd 2:0:0:0: [sda] Attached SCSI disk
Begin: Loading e[   16.488892] md: linear personality registered for level -1
ssential drivers[   16.633075] md: multipath personality registered for level -4
 ... [   16.747753] md: raid0 personality registered for level 0
[   16.808445] md: raid1 personality registered for level 1
[   16.968172] raid6: sse2x1   gen() 12156 MB/s
[   17.076259] raid6: sse2x1   xor()  9346 MB/s
[   17.192328] raid6: sse2x2   gen() 15212 MB/s
[   17.304146] raid6: sse2x2   xor()  9024 MB/s
[   17.412139] raid6: sse2x4   gen() 13564 MB/s
[   17.480102] raid6: sse2x4   xor() 11101 MB/s
[   17.584352] raid6: avx2x1   gen() 24089 MB/s
[   17.692142] raid6: avx2x2   gen() 27422 MB/s
[   17.768412] raid6: avx2x4   gen() 29950 MB/s
[   17.822972] raid6: using algorithm avx2x4 gen() 29950 MB/s
[   17.880684] raid6: using avx2x2 recovery algorithm
[   17.927647] xor: automatically using best checksumming function:
[   18.044324]    avx       : 59077.000 MB/sec
[   18.082798] async_tx: api initialized (async)
[   18.135821] md: raid6 personality registered for level 6
[   18.193775] md: raid5 personality registered for level 5
[   18.260659] md: raid4 personality registered for level 4
[   18.332481] md: raid10 personality registered for level 10
done.
Begin: Running /scripts/init-premount ... done.
Begin: Mounti[   18.466088] Btrfs loaded
ng root file system ... Begin: Running /scripts/local-top ... done.
Begin: Running /scripts/local-premount ... Scanning for Btrfs filesystems
done.
Warning: fsck not present, so skipping root file system
[   18.524625] EXT4-fs (sda1): mounted filesystem with ordered data mode. Opts: (null)
done.
Begin: Running /scripts/local-bottom ... done.
Begin: Running /scripts/init-bottom ... done.
[   18.617974] systemd[1]: systemd 229 running in system mode. (+PAM +AUDIT +SELINUX +IMA +APPARMOR +SMACK +SYSVINIT +UTMP +LIBCRYPTSETUP +GCRYPT +GNUTLS +ACL +XZ -LZ4 +SECCOMP +BLKID +ELFUTILS +KMOD -IDN)
[   18.989700] systemd[1]: Detected virtualization oracle.
[   19.048430] systemd[1]: Detected architecture x86-64.

Welcome to [1mUbuntu 16.04.6 LTS[0m!

[   19.213186] systemd[1]: Set hostname to <ubuntu>.
[   19.316318] systemd[1]: Initializing machine ID from random generator.
[   19.567651] systemd[1]: Installed transient /etc/machine-id file.
[   19.696752] systemd[1]: Listening on LVM2 poll daemon socket.
[[0;32m  OK  [0m] Listening on LVM2 poll daemon socket.
[   19.700527] systemd[1]: Listening on /dev/initctl Compatibility Named Pipe.
[[0;32m  OK  [0m] Listening on /dev/initctl Compatibility Named Pipe.
[   19.704644] systemd[1]: Reached target Encrypted Volumes.
[[0;32m  OK  [0m] Reached target Encrypted Volumes.
[   19.708370] systemd[1]: Started Trigger resolvconf update for networkd DNS.
[[0;32m  OK  [0m] Started Trigger resolvconf update for networkd DNS.
[   19.745402] systemd[1]: Reached target Swap.
[[0;32m  OK  [0m] Reached target Swap.
[   19.852930] systemd[1]: Listening on Syslog Socket.
[[0;32m  OK  [0m] Listening on Syslog Socket.
[   20.009248] systemd[1]: Listening on LVM2 metadata daemon socket.
[[0;32m  OK  [0m] Listening on LVM2 metadata daemon socket.
[   20.174015] systemd[1]: Created slice User and Session Slice.
[[0;32m  OK  [0m] Created slice User and Session Slice.
[   20.385795] systemd[1]: Listening on Journal Socket.
[[0;32m  OK  [0m] Listening on Journal Socket.
[   20.512878] systemd[1]: Reached target System Time Synchronized.
[[0;32m  OK  [0m] Reached target System Time Synchronized.
[   20.684832] systemd[1]: Listening on udev Control Socket.
[[0;32m  OK  [0m] Listening on udev Control Socket.
[   20.702122] systemd[1]: Listening on udev Kernel Socket.
[[0;32m  OK  [0m] Listening on udev Kernel Socket.
[   20.706048] systemd[1]: Reached target User and Group Name Lookups.
[[0;32m  OK  [0m] Reached target User and Group Name Lookups.
[   20.710446] systemd[1]: Created slice System Slice.
[[0;32m  OK  [0m] Created slice System Slice.
[   20.714099] systemd[1]: Reached target Slices.
[[0;32m  OK  [0m] Reached target Slices.
[   20.728245] systemd[1]: Mounting Debug File System...
         Mounting Debug File System...
[   20.732572] systemd[1]: Created slice system-serial\x2dgetty.slice.
[[0;32m  OK  [0m] Created slice system-serial\x2dgetty.slice.
[   20.737822] systemd[1]: Starting Create list of required static device nodes for the current kernel...
         Starting Create list of required st... nodes for the current kernel...
[   20.749548] random: nonblocking pool is initialized
[   20.826555] systemd[1]: Starting Load Kernel Modules...
[   20.870221] Loain iSCS tanorcls 2.-80.

         Startin[   21.224485] iscsi: registered transport (tcp)
g Load Kernel Modules...
[   21.744674] iscsi: registered transport (iser)
[   21.792407] systemd[1]: Starting Set console keymap...
         Starting Set console keymap...
[   21.796097] systemd[1]: Listening on Journal Socket (/dev/log).
[[0;32m  OK  [0m] Listening on Journal Socket (/dev/log).
[   21.800812] systemd[1]: Listening on Device-mapper event daemon FIFOs.
[[0;32m  OK  [0m] Listening on Device-mapper event daemon FIFOs.
[   21.808186] systemd[1]: Starting Monitoring of LVM2 mirrors, snapshots etc. using dmeventd or progress polling...
         Starting Monitoring of LVM2 mirrors... dmeventd or progress polling...
[   21.819688] systemd[1]: Starting Nameserver information manager...
         Starting Nameserver information manager...
[   21.825611] systemd[1]: Set up automount Arbitrary Executable File Formats File System Automount Point.
[[0;32m  OK  [0m] Set up automount Arbitrary Executab...ats File System Automount Point.
[   21.836857] systemd[1]: Mounting POSIX Message Queue File System...
         Mounting POSIX Message Queue File System...
[   21.841830] systemd[1]: Listening on Journal Audit Socket.
[[0;32m  OK  [0m] Listening on Journal Audit Socket.
[   21.847737] systemd[1]: Starting Journal Service...
         Starting Journal Service...
[   21.900597] systemd[1]: Mounting Huge Pages File System...
         Mounting Huge Pages File System...
[   22.013160] systemd[1]: Started Forward Password Requests to Wall Directory Watch.
[[0;32m  OK  [0m] Started Forward Password Requests to Wall Directory Watch.
[   22.196904] systemd[1]: Starting Uncomplicated firewall...
         Starting Uncomplicated firewall...
[   22.257071] systemd[1]: Starting Remount Root and Kernel File Systems...
[   22.261278] EXT4-fs (sda1): re-mounted. Opts: (null)
         Starting Remount Root and Kernel File Systems...
[   22.518488] systemd[1]: Mounted Huge Pages File System.
[[0;32m  OK  [0m] Mounted Huge Pages File System.
[   22.665297] systemd[1]: Mounted POSIX Message Queue File System.
[[0;32m  OK  [0m] Mounted POSIX Message Queue File System.
[   22.808763] systemd[1]: Mounted Debug File System.
[[0;32m  OK  [0m] Mounted Debug File System.
[   22.903708] systemd[1]: Started Journal Service.
[[0;32m  OK  [0m] Started Journal Service.
[[0;32m  OK  [0m] Started Create list of required sta...ce nodes for the current kernel.
[[0;32m  OK  [0m] Started Load Kernel Modules.
[[0;32m  OK  [0m] Started Set console keymap.
[[0;32m  OK  [0m] Started Uncomplicated firewall.
[[0;32m  OK  [0m] Started Remount Root and Kernel File Systems.
[[0;32m  OK  [0m] Started Nameserver information manager.
[[0;32m  OK  [0m] Started LVM2 metadata daemon.
         Starting udev Coldplug all Devices...
         Starting Load/Save Random Seed...
         Starting Apply Kernel Variables...
         Mounting FUSE Control File System...
         Starting Create Static Device Nodes in /dev...
         Starting Flush Journal to Persistent Storage...
[[0;32m  OK  [0m] Mounted FUSE Control File System.
[[0;32m  OK  [0m] Started Monitoring of LVM2 mirrors,...ng dmeventd or progress polling.
[[0;32m  OK  [0m] Started Load/Save Random Seed.
[[0;32m  OK  [0m] Started Apply Kernel Variables.
[[0;32m  OK  [0m] Started Create Static Device Nodes in /dev.
[[0;32m  OK  [0m] Started udev Coldplug all Devices.
[[0;32m  OK  [0m] Started Flush Journal to Persistent Storage.
         Starting udev Kernel Device Manager...
[[0;32m  OK  [0m] Reached target Local File Systems (Pre).
[[0;32m  OK  [0m] Reached target Local File Systems.
         Starting Set console font and keymap...
         Starting LSB: AppArmor initialization...
         Starting Create Volatile Files and Directories...
         Starting Initial cloud-init job (pre-networking)...
         Starting Tell Plymouth To Write Out Runtime Data...
         Starting Commit a transient machine-id on disk...
[[0;32m  OK  [0m] Started udev Kernel Device Manager.
[[0;32m  OK  [0m] Started Create Volatile Files and Directories.
[[0;32m  OK  [0m] Started Tell Plymouth To Write Out Runtime Data.
[[0;32m  OK  [0m] Started Commit a transient machine-id on disk.
[[0;32m  OK  [0m] Found device /dev/ttyS0.
[[0;1;31mFAILED[0m] Failed to start Set console font and keymap.
See 'systemctl status console-setup.service' for details.
[[0;32m  OK  [0m] Listening on Load/Save RF Kill Switch Status /dev/rfkill Watch.
[[   16.488077] cloud-init[497]: Cloud-init v. 18.5-45-g3554ffe8-0ubuntu1~16.04.1 running 'init-local' at Thu, 21 Mar 2019 20:58:43 +0000. Up 16.18 seconds.
[0;32m  OK  [0m] Created slice system-getty.slice.
         Starting Update UTMP about System Boot/Shutdown...
[[0;32m  OK  [0m] Started Dispatch Password Requests to Console Directory Watch.
[[0;32m  OK  [0m] Started LSB: AppArmor initialization.
[[0;32m  OK  [0m] Started Initial cloud-init job (pre-networking).
[[0;32m  OK  [0m] Started Update UTMP about System Boot/Shutdown.
[[0;32m  OK  [0m] Reached target Network (Pre).
         Starting Raise network interfaces...
[[0;32m  OK  [0m] Started Raise network interfaces.
         Starting Initial cloud-init job (metadata service crawler)...
[[0;32m  OK  [0m] Reached target Network.
[   17.968579] cloud-init[901]: Cloud-init v. 18.5-45-g3554ffe8-0ubuntu1~16.04.1 running 'init' at Thu, 21 Mar 2019 20:58:45 +0000. Up 17.49 seconds.
[[0;32m  OK  [0m] Started Initial cloud-init job (metadata service crawler).
[   18.116143] cloud-init[901]: ci-info: +++++++++++++++++++++++++++++++++++++Net device info++++++++++++++++++++++++++++++++++++++
[[0;32m  OK  [0m] Reached target System Initialization.
[   18.163347] [[0;32m  OK  [0m] Listening on UUID daemon activation socket.
cloud-init[901]: ci-info: +--------+------+---------------------------+---------------+--------+-------------------+
[   18.171883] cloud-init[901]: ci-info: | Device |  Up  |          Address          |      Mask     | Scope  |     Hw-Address    |
[[0;32m  OK  [0m] Started ACPI Events Check.
[[0;32m  OK  [0m] Reached target Paths.
[   18.181863] cloud-init[901]: ci-info: +--------+------+---------------------------+---------------+--------+-------------------+[[0;32m  OK  [0m] Listening on ACPID Listen Socket.

         Starting LXD - unix socket.
[[0;32m  OK  [0m] Listening on D-Bus System Message Bus Socket.
[   18.190629] cloud-init[901]: ci-info: | enp0s3 | True |         10.0.2.15         | 255.255.255.0 | global | 02:0a:56:fb:b9:09 |
[   18.200163] cloud-init[901]: ci-info: | enp0s3 | True | fe80::a:56ff:fefb:b909/64 |       .       |  link  | 02:0a:56:fb:b9:09 |[[0;32m  OK  [0m] Started Daily apt download activities.
[[0;32m  OK  [0m] Started Daily apt upgrade and clean activities.
[   18.208535] cloud-init[901]: ci-info: |   lo   | True |         127.0.0.1         |   255.0.0.0   |  host  |         .         |
[   18.212115] cloud-init[901]: ci-info: |   lo   | True |          ::1/128          |       .       |  host  |         .         |
[   18.215559] cloud-init
[[0;32m  OK  [0m] Started Daily Cleanup of Temporary Directories.
         Starting Socket activation for snappy daemon.
[[0;32m  OK  [0m] Reached target Timers.
[[0;32m  OK  [0m] Reached target Cloud-config availability.
[[0;32m  OK  [0m] Reached target Network is Online.
[901]: ci-info: +--------+------+---------------------------+---------------+--------+-------------------+
         Starting iSCSI initiator daemon (iscsid)...
[[0;32m  OK  [0m] Listening on LXD - unix socket.
[   18.480365] cloud-init[901]: ci-info: +++++++++++++++++++++++++++Route IPv4 info++++++++++++++++++++++++++++
[[0;32m  OK  [0m[   18.660545] cloud-init[901]: ci-info: +-------+-------------+----------+---------------+-----------+-------+
[   18.660602] cloud-init[901]: ci-info: | Route | Destination | Gateway  |    Genmask    | Interface | Flags |
[   18.660640] cloud-init[901]: ci-info: +-------+-------------+----------+---------------+-----------+-------+
[   18.660677] cloud-init[901]: ci-info: |   0   |   0.0.0.0   | 10.0.2.2 |    0.0.0.0    |   enp0s3  |   UG  |
[   18.660713] cloud-init[901]: ci-info: |   1   |   10.0.2.0  | 0.0.0.0  | 255.255.255.0 |   enp0s3  |   U   |
[   18.660747] cloud-init[901]: ci-info: +-------+-------------+----------+---------------+-----------+-------+
[   18.660782] cloud-init[901]: ci-info: +++++++++++++++++++Route IPv6 info+++++++++++++++++++
[   18.660818] cloud-init[901]: ci-info: +-------+-------------+---------+-----------+-------+
[   18.660854] cloud-init[901]: ci-info: | Route | Destination | Gateway | Interface | Flags |
[   18.660890] cloud-init[901]: ci-info: +-------+-------------+---------+-----------+-------+
[   18.660925] cloud-init[901]: ci-info: |   0   |  fe80::/64  |    ::   |   enp0s3  |   U   |
[   18.660960] cloud-init[901]: ci-info: |   3   |   ff00::/8  |    ::   |   enp0s3  |   U   |
[   18.660995] cloud-init[901]: ci-info: +-------+-------------+---------+-----------+-------+
[   18.661257] cloud-init[901]: Generating public/private rsa key pair.
[   18.661298] cloud-init[901]: Your identification has been saved in /etc/ssh/ssh_host_rsa_key.
[   18.661334] cloud-init[901]: Your public key has been saved in /etc/ssh/ssh_host_rsa_key.pub.
[   18.661368] cloud-init[901]: The key fingerprint is:
[   18.661406] cloud-init[901]: SHA256:2uqW319hKEewsNesr7lHyBY6sctYKA6hbqXo3dsXeDw root@ubuntu-xenial
[   18.661441] cloud-init[901]: The key's randomart image is:
[   18.661475] cloud-init[901]: +---[RSA 2048]----+
[   18.661509] cloud-init[901]: |        . .      |
[   18.661543] cloud-init[901]: |         o =     |
[   18.661577] cloud-init[901]: |        . o +    |
[   18.661611] cloud-init[901]: |  .     ...o .   |
[   18.661646] cloud-init[901]: | . .   .S=ooo o  |
[   18.661680] cloud-init[901]: |. ... .+=E++.. . |
[   18.661713] cloud-init[901]: |o oo ..=o+o.. .  |
[   18.661747] cloud-init[901]: |.+. o =.oo o..   |
[   18.661783] cloud-init[901]: |o. . =+oo =+.    |
[   18.661818] cloud-init[901]: +----[SHA256]-----+
[   18.661852] cloud-init[901]: Generating public/private dsa key pair.
[   18.661886] cloud-init[901]: Your identification has been saved in /etc/ssh/ssh_host_dsa_key.
[   18.661921] cloud-init[901]: Your public key has been saved in /etc/ssh/ssh_host_dsa_key.pub.
[   18.661954] cloud-init[901]: The key fingerprint is:
[   18.661987] cloud-init[901]: SHA256:Vr5izsytKlp6jOaYi6fVEq7L0ZlN9tHhBOuS2R3WbVc root@ubuntu-xenial
[   18.662022] cloud-init[901]: The key's randomart image is:
[   18.662057] cloud-init[901]: +---[DSA 1024]----+
[   18.662091] cloud-init[901]: |       .        E|
[   18.662126] cloud-init[901]: |        o . .   .|
[   18.662159] cloud-init[901]: |       . =.. o . |
[   18.662193] cloud-init[901]: |      = *oo . .  |
[   18.662227] cloud-init[901]: |  .  * +S+.      |
[   18.662262] cloud-init[901]: | ..o* o..  .     |
[   18.662296] cloud-init[901]: | .+*o. .o .      |
[   18.662330] cloud-init[901]: |o==++  * o       |
[   18.662364] cloud-init[901]: |OO+o ...*..      |
[   18.662398] cloud-init[901]: +----[SHA256]-----+
[   18.662431] cloud-init[901]: Generating public/private ecdsa key pair.
[   18.662465] cloud-init[901]: Your identification has been saved in /etc/ssh/ssh_host_ecdsa_key.
[   18.662499] cloud-init[901]: Your public key has been saved in /etc/ssh/ssh_host_ecdsa_key.pub.
[   18.662532] cloud-init[901]: The key fingerprint is:
[   18.662567] cloud-init[901]: SHA256:dNC/wTTtOpur/FLoJLeTRnikTwlILqERRm3Iqz1oY9E root@ubuntu-xenial
[   18.662600] cloud-init[901]: The key's randomart image is:
[   18.662634] cloud-init[901]: +---[ECDSA 256]---+
[   18.662669] cloud-init[901]: | o++    ..   .   |] Listening on Socket activation for snappy daemon.

[   19.298066] cloud-init[901]: | .+ + .  .. o .  |
[   19.302063] cloud-init[901]: |  .= + .. .+ o   |
[   19.304995] cloud-init[901]: | .oE. o.... + .  |
[   19.307873] cloud-init[901]: | +.  .  S= o +   |
[   19.316651] cloud-init[901]: |o+o     + O =    |
[   19.320037] cloud-init[901]: |o ..     X + +   |
[   19.323019] cloud-init[901]: |         .O o    |
[   19.323698] cloud-init[901]: |         .o=o.   |
[   19.324664] cloud-init[901]: +----[SHA256]-----+
[   19.325329] cloud-init[901]: Generating public/private ed25519 key pair.
[   19.325767] cloud-init[901]: Your identification has been saved in /etc/ssh/ssh_host_ed25519_key.
[   19.326356] cloud-init[901]: Your public key has been saved in /etc/ssh/ssh_host_ed25519_key.pub.
[   19.326850] cloud-init[901]: The key fingerprint is:
[[0;32m  OK  [0m] Started iSCSI initiator daemon (iscsid).
[   19.326899] cloud-init[901]: SHA256:arhuUwn13MxVS2f9OKV59IqXXx782wLBW2qUpwknBLM root@ubuntu-xenial
[   19.397569] cloud-init[901]: The key's randomart image is:
[   19.399931] cloud-init[901]: +--[ED25519 256]--+
[   19.401914] cloud-init[901]: |        o.   .o +|
[   19.404041] cloud-init[901]: |      .  o. .. ++|
[   19.406133] cloud-init[901]: |     . oE= o ..*o|
[   19.408486] cloud-init[901]: |    .   o * * B +|
[   19.410549] cloud-init[901]: |     . .S  = X.= |
[   19.412910] cloud-init[901]: |     .o.    O +o.|
[   19.413442] cloud-init[901]: |    ..o    . o o+|
[   19.414340] cloud-init[901]: |    oo        . =|
[   19.414933] cloud-init[901]: |   oo.         oo|
[   19.415128] cloud-init[901]: +----[SHA256]-----+
         Starting Login to default iSCSI targets...
[[0;32m  OK  [0m] Reached target Sockets.
[[0;32m  OK  [0m] Reached target Basic System.
[[0;32m  OK  [0m] Started ACPI event daemon.
[[0;32m  OK  [0m] Started Regular background program processing daemon.
         Starting Snappy daemon...
         Starting Pollinate to seed the pseudo random number generator...
[[0;32m  OK  [0m] Started Unattended Upgrades Shutdown.
[[0;32m  OK  [0m] Started D-Bus System Message Bus.
         Starting Login Service...
         Starting Virtualbox guest utils...
         Starting LSB: Record successful boot for GRUB...
         Starting /etc/rc.local Compatibility...
         Starting Accounts Service...
         Starting LSB: MD monitoring daemon...
         Starting LXD - container startup/shutdown...
[[0;32m  OK  [0m] Started FUSE filesystem for LXC.
         Starting System Logging Service...
[[0;32m  OK  [0m] Started Deferred execution scheduler.
[[0;32m  OK  [0m] Started /etc/rc.local Compatibility.
[[0;32m  OK  [0m] Started System Logging Service.
[[0;32m  OK  [0m] Started Login to default iSCSI targets.
[[0;32m  OK  [0m] Started LSB: Record successful boot for GRUB.
[[0;32m  OK  [0m] Started LXD - container startup/shutdown.
[[0;32m  OK  [0m] Started Login Service.
[[0;32m  OK  [0m] Started Snappy daemon.
[[0;32m  OK  [0m] Started Virtualbox guest utils.
[[0;32m  OK  [0m] Started LSB: MD monitoring daemon.
         Starting Wait until snapd is fully seeded...
         Starting Authenticate and Authorize Users to Run Privileged Tasks...
[[0;32m  OK  [0m] Reached target Remote File Systems (Pre).
[[0;32m  OK  [0m] Reached target Remote File Systems.
         Starting LSB: automatic crash report generation...
         Starting LSB: Set the CPU Frequency Scaling governor to "ondemand"...
         Starting LSB: daemon to balance interrupts for SMP systems...
         Starting Permit User Sessions...
[[0;32m  OK  [0m] Started Authenticate and Authorize Users to Run Privileged Tasks.
[[0;32m  OK  [0m] Started Permit User Sessions.
[[0;32m  OK  [0m] Started Pollinate to seed the pseudo random number generator.
[[0;32m  OK  [0m] Started Accounts Service.
[[0;32m  OK  [0m] Started LSB: Set the CPU Frequency Scaling governor to "ondemand".
         Starting OpenBSD Secure Shell server...
         Starting Hold until boot process finishes up...
         Starting Terminate Plymouth Boot Screen...
[[0;32m  OK  [0m] Started LSB: automatic crash report generation.
[[0;32m  OK  [0m] Started LSB: daemon to balance interrupts for SMP systems.
[[0;32m  OK  [0m] Started Hold until boot process finishes up.
[[0;32m  OK  [0m] Started Terminate Plymouth Boot Screen.
[[0;32m  OK  [0m] Started OpenBSD Secure Shell server.
         Starting Set console scheme...
[[0;32m  OK  [0m] Started Serial Getty on ttyS0.
[[0;32m  OK  [0m] Started Getty on tty1.
[[0;32m  OK  [0m] Reached target Login Prompts.
[[0;32m  OK  [0m] Started Set console scheme.
[[0;32m  OK  [0m] Created slice User Slice of vagrant.
         Starting User Manager for UID 1000...
[[0;32m  OK  [0m] Started Session 1 of user vagrant.
[[0;32m  OK  [0m] Started User Manager for UID 1000.
         Stopping User Manager for UID 1000...
[[0;32m  OK  [0m] Stopped User Manager for UID 1000.
[[0;32m  OK  [0m] Removed slice User Slice of vagrant.
[[0;32m  OK  [0m] Created slice User Slice of vagrant.
         Starting User Manager for UID 1000...
[[0;32m  OK  [0m] Started User Manager for UID 1000.
[[0;32m  OK  [0m] Started Session 2 of user vagrant.
[[0;32m  OK  [0m] Started Wait until snapd is fully seeded.
         Starting Apply the settings specified in cloud-config...
[[0;32m  OK  [0m] Reached target Multi-User System.
[[0;32m  OK  [0m] Reached target Graphical Interface.
         Starting Update UTMP about System Runlevel Changes...
[[0;32m  OK  [0m] Started Update UTMP about System Runlevel Changes.
         Starting Hostname Service...
[[0;32m  OK  [0m] Started Hostname Service.
[   22.761845] cloud-init[1488]: Generating locales (this might take a while)...
[[0;32m  OK  [0m] Stopped ifup for enp0s3.
[[0;32m  OK  [0m] Started ifup for enp0s3.
[   23.453557] cloud-init[1488]:   en_US.UTF-8... done
[   23.473751] cloud-init[1488]: Generation complete.
[   23.744443] cloud-init[1488]: Cloud-init v. 18.5-45-g3554ffe8-0ubuntu1~16.04.1 running 'modules:config' at Thu, 21 Mar 2019 20:58:50 +0000. Up 22.67 seconds.
[[0;32m  OK  [0m] Started Apply the settings specified in cloud-config.
         Starting Execute cloud user/final scripts...
ci-info: no authorized ssh keys fingerprints found for user ubuntu.
<14>Mar 21 20:58:51 ec2: 
<14>Mar 21 20:58:51 ec2: #############################################################
<14>Mar 21 20:58:51 ec2: -----BEGIN SSH HOST KEY FINGERPRINTS-----
<14>Mar 21 20:58:51 ec2: 1024 SHA256:Vr5izsytKlp6jOaYi6fVEq7L0ZlN9tHhBOuS2R3WbVc root@ubuntu-xenial (DSA)
<14>Mar 21 20:58:51 ec2: 256 SHA256:dNC/wTTtOpur/FLoJLeTRnikTwlILqERRm3Iqz1oY9E root@ubuntu-xenial (ECDSA)
<14>Mar 21 20:58:51 ec2: 256 SHA256:arhuUwn13MxVS2f9OKV59IqXXx782wLBW2qUpwknBLM root@ubuntu-xenial (ED25519)
<14>Mar 21 20:58:51 ec2: 2048 SHA256:2uqW319hKEewsNesr7lHyBY6sctYKA6hbqXo3dsXeDw root@ubuntu-xenial (RSA)
<14>Mar 21 20:58:51 ec2: -----END SSH HOST KEY FINGERPRINTS-----
<14>Mar 21 20:58:51 ec2: #############################################################
-----BEGIN SSH HOST KEY KEYS-----
ecdsa-sha2-nistp256 AAAAE2VjZHNhLXNoYTItbmlzdHAyNTYAAAAIbmlzdHAyNTYAAABBBBTz8Ak851D3kGU9hpjK8iefsbeCUoslVxre5Lz25i/36miUAkJIfF6kZJKHVyM9XpwL6j+rLTLk//Rz+UrPAek= root@ubuntu-xenial
ssh-ed25519 AAAAC3NzaC1lZDI1NTE5AAAAIIGpCW34U2vMpL/V0txPaXsHiOOPXHmTDHHv5aH4Kn9g root@ubuntu-xenial
ssh-rsa AAAAB3NzaC1yc2EAAAADAQABAAABAQCtd+6w1daUSma/7gILiyPel9ME3Zj1knEC+5Z10h1V4NWo/L+cK7tUwr2Br90miILN0090VtpiFNvHmjFKuGLRz9v5fGZvL1WONOgvCWp4H3ltVjCklHv+B2tI+pf9MrSRtBq8d/hTOa4wIXNm44PnfvIpL6DSzcaNp44yOWt/65M76AKgzSigbu8L3bhi0qnFWhQCkXFGOTb+mQY2wHobS4/aXJrF9tw5Wplt8o13jiUoOAB8IgIrqN4bj67iwAldK8r6+402/UVi20qeW+/JD6uImdeiQwMsMQFRAg3Ejf6oTuXuKer1QbbklbgCQKlZeLfxPuMa8qjUZLhliRDL root@ubuntu-xenial
-----END SSH HOST KEY KEYS-----
[   24.364052] cloud-init[1776]: Cloud-init v. 18.5-45-g3554ffe8-0ubuntu1~16.04.1 running 'modules:final' at Thu, 21 Mar 2019 20:58:51 +0000. Up 24.07 seconds.
[   24.404158] cloud-init[1776]: ci-info: no authorized ssh keys fingerprints found for user ubuntu.
[   24.412046] cloud-init[1776]: Cloud-init v. 18.5-45-g3554ffe8-0ubuntu1~16.04.1 finished at Thu, 21 Mar 2019 20:58:51 +0000. Datasource DataSourceNoCloud [seed=/dev/sdb][dsmode=net].  Up 24.35 seconds
[[0;32m  OK  [0m] Started Execute cloud user/final scripts.
[[0;32m  OK  [0m] Reached target Cloud-init target.

Ubuntu 16.04.6 LTS Percevic ttyS0

Percevic login: [[0;32m  O0         Stopping Virtualbox guest utils...
         Stopping D-Bus System Message Bus...
         Stopping Unattended Upgrades Shutdown...
         Stopping LSB: Set the CPU Frequency Scaling governor to "ondemand"...
         Stopping LSB: Record successful boot for GRUB...
         Stopping LSB: Apache2 web server...
         Stopping Deferred execution scheduler...
         Stopping LSB: daemon to balance interrupts for SMP systems...
         Stopping System Logging Service...
         Stopping Regular background program processing daemon...
         Stopping LXD - container startup/shutdown...
         Stopping FUSE filesystem for LXC...
         Stopping LSB: automatic crash report generation...
[[0;32m  OK  [0m] Stopped Apply the settings specified in cloud-config.
[[0;32m  OK  [0m] Stopped target Cloud-config availability.
[[0;32m  OK  [0m] Stopped Wait until snapd is fully seeded.
         Stopping Authenticate and Authorize Users to Run Privileged Tasks...
         Stopping Session 3 of user vagrant.
         Stopping User Manager for UID 1000...
         Stopping LSB: MD monitoring daemon...
         Stopping OpenBSD Secure Shell server...
[[0;32m  OK  [0m] Unmounted /var/lib/lxcfs.
[[0;32m  OK  [0m] Stopped ACPI event daemon.
[[0;32m  OK  [0m] Stopped Regular background program processing daemon.
[[0;32m  OK  [0m] Stopped Accounts Service.
[[0;32m  OK  [0m] Stopped System Logging Service.
[[0;32m  OK  [0m] Stopped Deferred execution scheduler.
[[0;32m  OK  [0m] Stopped Authenticate and Authorize Users to Run Privileged Tasks.
[[0;32m  OK  [0m] Stopped OpenBSD Secure Shell server.
[[0;32m  OK  [0m] Stopped Serial Getty on ttyS0.
[[0;32m  OK  [0m] Stopped Getty on tty1.
[[0;32m  OK  [0m] Stopped User Manager for UID 1000.
[[0;32m  OK  [0m] Stopped D-Bus System Message Bus.
[[0;32m  OK  [0m] Stopped Unattended Upgrades Shutdown.
[[0;32m  OK  [0m] Stopped Session 3 of user vagrant.
[[0;32m  OK  [0m] Stopped FUSE filesystem for LXC.
[[0;32m  OK  [0m] Stopped LSB: Set the CPU Frequency Scaling governor to "ondemand".
[[0;32m  OK  [0m] Stopped Virtualbox guest utils.
[[0;32m  OK  [0m] Stopped LSB: Record successful boot for GRUB.
[[0;32m  OK  [0m] Stopped LSB: daemon to balance interrupts for SMP systems.
[[0;32m  OK  [0m] Stopped LXD - container startup/shutdown.
[[0;32m  OK  [0m] Stopped LSB: MD monitoring daemon.
[[0;32m  OK  [0m] Stopped LSB: automatic crash report generation.
[[0;32m  OK  [0m] Removed slice User Slice of vagrant.
         Stopping Login Service...
[[0;32m  OK  [0m] Removed slice system-getty.slice.
[[0;32m  OK  [0m] Stopped /etc/rc.local Compatibility.
[[0;32m  OK  [0m] Removed slice system-serial\x2dgetty.slice.
         Stopping Permit User Sessions...
[[0;32m  OK  [0m] Stopped Login Service.
[[0;32m  OK  [0m] Stopped Permit User Sessions.
[[0;32m  OK  [0m] Stopped target User and Group Name Lookups.
[[0;32m  OK  [0m] Stopped LSB: Apache2 web server.
[[0;32m  OK  [0m] Stopped target Remote File Systems.
[[0;32m  OK  [0m] Stopped target Remote File Systems (Pre).
         Stopping Login to default iSCSI targets...
[[0;32m  OK  [0m] Stopped target Basic System.
[[0;32m  OK  [0m] Stopped target Slices.
[[0;32m  OK  [0m] Removed slice User and Session Slice.
[[0;32m  OK  [0m] Stopped target Paths.
[[0;32m  OK  [0m] Stopped Forward Password Requests to Wall Directory Watch.
[[0;32m  OK  [0m] Stopped ACPI Events Check.
[[0;32m  OK  [0m] Stopped Dispatch Password Requests to Console Directory Watch.
[[0;32m  OK  [0m] Stopped target Sockets.
[[0;32m  OK  [0m] Closed Syslog Socket.
[[0;32m  OK  [0m] Closed Socket activation for snappy daemon.
[[0;32m  OK  [0m] Closed UUID daemon activation socket.
[[0;32m  OK  [0m] Closed ACPID Listen Socket.
[[0;32m  OK  [0m] Closed D-Bus System Message Bus Socket.
[[0;32m  OK  [0m] Closed LXD - unix socket.
[[0;32m  OK  [0m] Stopped target System Initialization.
[[0;32m  OK  [0m] Stopped target Encrypted Volumes.
         Stopping Update UTMP about System Boot/Shutdown...
         Stopping Load/Save Random Seed...
[[0;32m  OK  [0m] Stopped Commit a transient machine-id on disk.
[[0;32m  OK  [0m] Stopped target Swap.
[[0;32m  OK  [0m] Stopped Load/Save Random Seed.
[[0;32m  OK  [0m] Stopped Login to default iSCSI targets.
[[0;32m  OK  [0m] Stopped Update UTMP about System Boot/Shutdown.
[[0;32m  OK  [0m] Stopped Create Volatile Files and Directories.
         Stopping iSCSI initiator daemon (iscsid)...
[[0;32m  OK  [0m] Stopped iSCSI initiator daemon (iscsid).
[[0;32m  OK  [0m] Stopped target Network is Online.
[[0;32m  OK  [0m] Stopped Initial cloud-init job (metadata service crawler).
[[0;32m  OK  [0m] Stopped target Network.
         Stopping Raise network interfaces...
[[0;32m  OK  [0m] Stopped Raise network interfaces.
[[0;32m  OK  [0m] Stopped Apply Kernel Variables.
[[0;32m  OK  [0m] Stopped target Local File Systems.
         Unmounting /run/user/1000...
         Unmounting /vagrant...
[[0;32m  OK  [0m] Stopped Load Kernel Modules.
[[0;32m  OK  [0m] Stopped target Network (Pre).
[[0;32m  OK  [0m] Stopped Initial cloud-init job (pre-networking).
[[0;32m  OK  [0m] Unmounted /run/user/1000.
[[0;32m  OK  [0m] Unmounted /vagrant.
[[0;32m  OK  [0m] Reached target Unmount All Filesystems.
[[0;32m  OK  [0m] Stopped target Local File Systems (Pre).
[[0;32m  OK  [0m] Stopped Remount Root and Kernel File Systems.
         Stopping Monitoring of LVM2 mirrors... dmeventd or progress polling...
[[0;32m  OK  [0m] Stopped Create Static Device Nodes in /dev.
[[0;32m  OK  [0m] Reached target Shutdown.
[  480.019700] reboot: Power down